// Jest Snapshot v1, https://goo.gl/fbAQLP

exports[`snapshot test Component correctly renders 1`] = `
<section
  className="game game--artist"
>
  <section
    className="game__screen"
  >
    <h2
      className="game__title"
    >
      Кто исполняет эту песню?
    </h2>
    <div
      className="game__track"
    >
      <div
        className="track"
      />
    </div>
    <form
      className="game__artist"
      onChange={[Function]}
    />
  </section>
</section>
`;
