// Jest Snapshot v1, https://goo.gl/fbAQLP

exports[`snapshot test Component correctly renders 1`] = `
<section
  className="game game--genre"
>
  <section
    className="game__screen"
  >
    <h2
      className="game__title"
    >
      Выберите 
      rock
       треки
    </h2>
    <form
      className="game__tracks"
      onSubmit={[Function]}
    >
      <button
        className="game__submit button"
        type="submit"
      >
        Ответить
      </button>
    </form>
  </section>
</section>
`;
